// Jest Snapshot v1, https://goo.gl/fbAQLP

exports[`tokenizer program 'wall' 1`] = `
Array [
  Object {
    "column": 1,
    "line": 1,
    "type": "COMMENT",
    "value": "{ Build a wall around the world }",
  },
  Object {
    "column": 34,
    "line": 1,
    "type": "WHITESPACE",
    "value": "

",
  },
  Object {
    "column": 1,
    "isBuiltin": false,
    "line": 3,
    "type": "ROUTINE",
    "value": "routine",
  },
  Object {
    "column": 8,
    "line": 3,
    "type": "WHITESPACE",
    "value": " ",
  },
  Object {
    "column": 9,
    "isBuiltin": false,
    "line": 3,
    "type": "IDENTIFIER",
    "value": "wall",
  },
  Object {
    "column": 13,
    "line": 3,
    "type": "LPAREN",
    "value": "(",
  },
  Object {
    "column": 14,
    "line": 3,
    "type": "RPAREN",
    "value": ")",
  },
  Object {
    "column": 15,
    "line": 3,
    "type": "WHITESPACE",
    "value": "
    ",
  },
  Object {
    "column": 5,
    "isBuiltin": false,
    "line": 4,
    "type": "WHILE",
    "value": "while",
  },
  Object {
    "column": 10,
    "line": 4,
    "type": "WHITESPACE",
    "value": " ",
  },
  Object {
    "column": 11,
    "isBuiltin": false,
    "line": 4,
    "type": "NOT",
    "value": "not",
  },
  Object {
    "column": 14,
    "line": 4,
    "type": "WHITESPACE",
    "value": " ",
  },
  Object {
    "column": 15,
    "isBuiltin": true,
    "line": 4,
    "type": "IDENTIFIER",
    "value": "isEdge",
  },
  Object {
    "column": 21,
    "line": 4,
    "type": "LPAREN",
    "value": "(",
  },
  Object {
    "column": 22,
    "line": 4,
    "type": "RPAREN",
    "value": ")",
  },
  Object {
    "column": 23,
    "line": 4,
    "type": "WHITESPACE",
    "value": " ",
  },
  Object {
    "column": 24,
    "isBuiltin": false,
    "line": 4,
    "type": "DO",
    "value": "do",
  },
  Object {
    "column": 26,
    "line": 4,
    "type": "WHITESPACE",
    "value": "
        ",
  },
  Object {
    "column": 9,
    "isBuiltin": true,
    "line": 5,
    "type": "IDENTIFIER",
    "value": "placeBlock",
  },
  Object {
    "column": 19,
    "line": 5,
    "type": "LPAREN",
    "value": "(",
  },
  Object {
    "column": 20,
    "line": 5,
    "type": "INTEGER",
    "value": "2",
  },
  Object {
    "column": 21,
    "line": 5,
    "type": "RPAREN",
    "value": ")",
  },
  Object {
    "column": 22,
    "line": 5,
    "type": "WHITESPACE",
    "value": "
        ",
  },
  Object {
    "column": 9,
    "isBuiltin": true,
    "line": 6,
    "type": "IDENTIFIER",
    "value": "step",
  },
  Object {
    "column": 13,
    "line": 6,
    "type": "LPAREN",
    "value": "(",
  },
  Object {
    "column": 14,
    "line": 6,
    "type": "RPAREN",
    "value": ")",
  },
  Object {
    "column": 15,
    "line": 6,
    "type": "WHITESPACE",
    "value": "
    ",
  },
  Object {
    "column": 5,
    "line": 7,
    "type": "ASTERISC",
    "value": "*",
  },
  Object {
    "column": 6,
    "isBuiltin": false,
    "line": 7,
    "type": "WHILE",
    "value": "while",
  },
  Object {
    "column": 11,
    "line": 7,
    "type": "WHITESPACE",
    "value": "
",
  },
  Object {
    "column": 1,
    "line": 8,
    "type": "ASTERISC",
    "value": "*",
  },
  Object {
    "column": 2,
    "isBuiltin": false,
    "line": 8,
    "type": "ROUTINE",
    "value": "routine",
  },
  Object {
    "column": 9,
    "line": 8,
    "type": "WHITESPACE",
    "value": "

",
  },
  Object {
    "column": 1,
    "line": 10,
    "type": "COMMENT",
    "value": "// Stairs",
  },
  Object {
    "column": 10,
    "line": 10,
    "type": "WHITESPACE",
    "value": "
",
  },
  Object {
    "column": 1,
    "isBuiltin": true,
    "line": 11,
    "type": "IDENTIFIER",
    "value": "placeBlock",
  },
  Object {
    "column": 11,
    "line": 11,
    "type": "LPAREN",
    "value": "(",
  },
  Object {
    "column": 12,
    "line": 11,
    "type": "RPAREN",
    "value": ")",
  },
  Object {
    "column": 13,
    "line": 11,
    "type": "WHITESPACE",
    "value": "
",
  },
  Object {
    "column": 1,
    "isBuiltin": true,
    "line": 12,
    "type": "IDENTIFIER",
    "value": "step",
  },
  Object {
    "column": 5,
    "line": 12,
    "type": "LPAREN",
    "value": "(",
  },
  Object {
    "column": 6,
    "line": 12,
    "type": "RPAREN",
    "value": ")",
  },
  Object {
    "column": 7,
    "line": 12,
    "type": "WHITESPACE",
    "value": "
",
  },
  Object {
    "column": 1,
    "isBuiltin": true,
    "line": 13,
    "type": "IDENTIFIER",
    "value": "placeBlock",
  },
  Object {
    "column": 11,
    "line": 13,
    "type": "LPAREN",
    "value": "(",
  },
  Object {
    "column": 12,
    "line": 13,
    "type": "INTEGER",
    "value": "2",
  },
  Object {
    "column": 13,
    "line": 13,
    "type": "RPAREN",
    "value": ")",
  },
  Object {
    "column": 14,
    "line": 13,
    "type": "WHITESPACE",
    "value": "
",
  },
  Object {
    "column": 1,
    "isBuiltin": true,
    "line": 14,
    "type": "IDENTIFIER",
    "value": "step",
  },
  Object {
    "column": 5,
    "line": 14,
    "type": "LPAREN",
    "value": "(",
  },
  Object {
    "column": 6,
    "line": 14,
    "type": "RPAREN",
    "value": ")",
  },
  Object {
    "column": 7,
    "line": 14,
    "type": "WHITESPACE",
    "value": "
",
  },
  Object {
    "column": 1,
    "isBuiltin": true,
    "line": 15,
    "type": "IDENTIFIER",
    "value": "turnRight",
  },
  Object {
    "column": 10,
    "line": 15,
    "type": "LPAREN",
    "value": "(",
  },
  Object {
    "column": 11,
    "line": 15,
    "type": "RPAREN",
    "value": ")",
  },
  Object {
    "column": 12,
    "line": 15,
    "type": "WHITESPACE",
    "value": " ",
  },
  Object {
    "column": 13,
    "isBuiltin": true,
    "line": 15,
    "type": "IDENTIFIER",
    "value": "turnRight",
  },
  Object {
    "column": 22,
    "line": 15,
    "type": "LPAREN",
    "value": "(",
  },
  Object {
    "column": 23,
    "line": 15,
    "type": "RPAREN",
    "value": ")",
  },
  Object {
    "column": 24,
    "line": 15,
    "type": "WHITESPACE",
    "value": "
",
  },
  Object {
    "column": 1,
    "isBuiltin": true,
    "line": 16,
    "type": "IDENTIFIER",
    "value": "placeBlock",
  },
  Object {
    "column": 11,
    "line": 16,
    "type": "LPAREN",
    "value": "(",
  },
  Object {
    "column": 12,
    "line": 16,
    "type": "RPAREN",
    "value": ")",
  },
  Object {
    "column": 13,
    "line": 16,
    "type": "WHITESPACE",
    "value": "
",
  },
  Object {
    "column": 1,
    "isBuiltin": true,
    "line": 17,
    "type": "IDENTIFIER",
    "value": "turnLeft",
  },
  Object {
    "column": 9,
    "line": 17,
    "type": "LPAREN",
    "value": "(",
  },
  Object {
    "column": 10,
    "line": 17,
    "type": "RPAREN",
    "value": ")",
  },
  Object {
    "column": 11,
    "line": 17,
    "type": "WHITESPACE",
    "value": " ",
  },
  Object {
    "column": 12,
    "isBuiltin": true,
    "line": 17,
    "type": "IDENTIFIER",
    "value": "turnLeft",
  },
  Object {
    "column": 20,
    "line": 17,
    "type": "LPAREN",
    "value": "(",
  },
  Object {
    "column": 21,
    "line": 17,
    "type": "RPAREN",
    "value": ")",
  },
  Object {
    "column": 22,
    "line": 17,
    "type": "WHITESPACE",
    "value": "

",
  },
  Object {
    "column": 1,
    "isBuiltin": false,
    "line": 19,
    "type": "IDENTIFIER",
    "value": "wall",
  },
  Object {
    "column": 5,
    "line": 19,
    "type": "LPAREN",
    "value": "(",
  },
  Object {
    "column": 6,
    "line": 19,
    "type": "RPAREN",
    "value": ")",
  },
  Object {
    "column": 7,
    "line": 19,
    "type": "WHITESPACE",
    "value": "
",
  },
  Object {
    "column": 1,
    "isBuiltin": true,
    "line": 20,
    "type": "IDENTIFIER",
    "value": "turnLeft",
  },
  Object {
    "column": 9,
    "line": 20,
    "type": "LPAREN",
    "value": "(",
  },
  Object {
    "column": 10,
    "line": 20,
    "type": "RPAREN",
    "value": ")",
  },
  Object {
    "column": 11,
    "line": 20,
    "type": "WHITESPACE",
    "value": "
",
  },
  Object {
    "column": 1,
    "isBuiltin": false,
    "line": 21,
    "type": "IDENTIFIER",
    "value": "wall",
  },
  Object {
    "column": 5,
    "line": 21,
    "type": "LPAREN",
    "value": "(",
  },
  Object {
    "column": 6,
    "line": 21,
    "type": "RPAREN",
    "value": ")",
  },
  Object {
    "column": 7,
    "line": 21,
    "type": "WHITESPACE",
    "value": "
",
  },
  Object {
    "column": 1,
    "isBuiltin": true,
    "line": 22,
    "type": "IDENTIFIER",
    "value": "turnLeft",
  },
  Object {
    "column": 9,
    "line": 22,
    "type": "LPAREN",
    "value": "(",
  },
  Object {
    "column": 10,
    "line": 22,
    "type": "RPAREN",
    "value": ")",
  },
  Object {
    "column": 11,
    "line": 22,
    "type": "WHITESPACE",
    "value": "
",
  },
  Object {
    "column": 1,
    "isBuiltin": false,
    "line": 23,
    "type": "IDENTIFIER",
    "value": "wall",
  },
  Object {
    "column": 5,
    "line": 23,
    "type": "LPAREN",
    "value": "(",
  },
  Object {
    "column": 6,
    "line": 23,
    "type": "RPAREN",
    "value": ")",
  },
  Object {
    "column": 7,
    "line": 23,
    "type": "WHITESPACE",
    "value": "
",
  },
  Object {
    "column": 1,
    "isBuiltin": true,
    "line": 24,
    "type": "IDENTIFIER",
    "value": "turnLeft",
  },
  Object {
    "column": 9,
    "line": 24,
    "type": "LPAREN",
    "value": "(",
  },
  Object {
    "column": 10,
    "line": 24,
    "type": "RPAREN",
    "value": ")",
  },
  Object {
    "column": 11,
    "line": 24,
    "type": "WHITESPACE",
    "value": "
",
  },
  Object {
    "column": 1,
    "isBuiltin": false,
    "line": 25,
    "type": "IDENTIFIER",
    "value": "wall",
  },
  Object {
    "column": 5,
    "line": 25,
    "type": "LPAREN",
    "value": "(",
  },
  Object {
    "column": 6,
    "line": 25,
    "type": "RPAREN",
    "value": ")",
  },
  Object {
    "column": 7,
    "line": 25,
    "type": "WHITESPACE",
    "value": "
",
  },
  Object {
    "column": 1,
    "isBuiltin": true,
    "line": 26,
    "type": "IDENTIFIER",
    "value": "turnLeft",
  },
  Object {
    "column": 9,
    "line": 26,
    "type": "LPAREN",
    "value": "(",
  },
  Object {
    "column": 10,
    "line": 26,
    "type": "RPAREN",
    "value": ")",
  },
  Object {
    "column": 11,
    "line": 26,
    "type": "WHITESPACE",
    "value": "
",
  },
]
`;

exports[`tokenizer program 'wall' 2`] = `
Array [
  Object {
    "column": 1,
    "isBuiltin": false,
    "line": 3,
    "type": "ROUTINE",
    "value": "routine",
  },
  Object {
    "column": 9,
    "isBuiltin": false,
    "line": 3,
    "type": "IDENTIFIER",
    "value": "wall",
  },
  Object {
    "column": 13,
    "line": 3,
    "type": "LPAREN",
    "value": "(",
  },
  Object {
    "column": 14,
    "line": 3,
    "type": "RPAREN",
    "value": ")",
  },
  Object {
    "column": 5,
    "isBuiltin": false,
    "line": 4,
    "type": "WHILE",
    "value": "while",
  },
  Object {
    "column": 11,
    "isBuiltin": false,
    "line": 4,
    "type": "NOT",
    "value": "not",
  },
  Object {
    "column": 15,
    "isBuiltin": true,
    "line": 4,
    "type": "IDENTIFIER",
    "value": "isEdge",
  },
  Object {
    "column": 21,
    "line": 4,
    "type": "LPAREN",
    "value": "(",
  },
  Object {
    "column": 22,
    "line": 4,
    "type": "RPAREN",
    "value": ")",
  },
  Object {
    "column": 24,
    "isBuiltin": false,
    "line": 4,
    "type": "DO",
    "value": "do",
  },
  Object {
    "column": 9,
    "isBuiltin": true,
    "line": 5,
    "type": "IDENTIFIER",
    "value": "placeBlock",
  },
  Object {
    "column": 19,
    "line": 5,
    "type": "LPAREN",
    "value": "(",
  },
  Object {
    "column": 20,
    "line": 5,
    "type": "INTEGER",
    "value": "2",
  },
  Object {
    "column": 21,
    "line": 5,
    "type": "RPAREN",
    "value": ")",
  },
  Object {
    "column": 9,
    "isBuiltin": true,
    "line": 6,
    "type": "IDENTIFIER",
    "value": "step",
  },
  Object {
    "column": 13,
    "line": 6,
    "type": "LPAREN",
    "value": "(",
  },
  Object {
    "column": 14,
    "line": 6,
    "type": "RPAREN",
    "value": ")",
  },
  Object {
    "column": 5,
    "line": 7,
    "type": "ASTERISC",
    "value": "*",
  },
  Object {
    "column": 6,
    "isBuiltin": false,
    "line": 7,
    "type": "WHILE",
    "value": "while",
  },
  Object {
    "column": 1,
    "line": 8,
    "type": "ASTERISC",
    "value": "*",
  },
  Object {
    "column": 2,
    "isBuiltin": false,
    "line": 8,
    "type": "ROUTINE",
    "value": "routine",
  },
  Object {
    "column": 1,
    "isBuiltin": true,
    "line": 11,
    "type": "IDENTIFIER",
    "value": "placeBlock",
  },
  Object {
    "column": 11,
    "line": 11,
    "type": "LPAREN",
    "value": "(",
  },
  Object {
    "column": 12,
    "line": 11,
    "type": "RPAREN",
    "value": ")",
  },
  Object {
    "column": 1,
    "isBuiltin": true,
    "line": 12,
    "type": "IDENTIFIER",
    "value": "step",
  },
  Object {
    "column": 5,
    "line": 12,
    "type": "LPAREN",
    "value": "(",
  },
  Object {
    "column": 6,
    "line": 12,
    "type": "RPAREN",
    "value": ")",
  },
  Object {
    "column": 1,
    "isBuiltin": true,
    "line": 13,
    "type": "IDENTIFIER",
    "value": "placeBlock",
  },
  Object {
    "column": 11,
    "line": 13,
    "type": "LPAREN",
    "value": "(",
  },
  Object {
    "column": 12,
    "line": 13,
    "type": "INTEGER",
    "value": "2",
  },
  Object {
    "column": 13,
    "line": 13,
    "type": "RPAREN",
    "value": ")",
  },
  Object {
    "column": 1,
    "isBuiltin": true,
    "line": 14,
    "type": "IDENTIFIER",
    "value": "step",
  },
  Object {
    "column": 5,
    "line": 14,
    "type": "LPAREN",
    "value": "(",
  },
  Object {
    "column": 6,
    "line": 14,
    "type": "RPAREN",
    "value": ")",
  },
  Object {
    "column": 1,
    "isBuiltin": true,
    "line": 15,
    "type": "IDENTIFIER",
    "value": "turnRight",
  },
  Object {
    "column": 10,
    "line": 15,
    "type": "LPAREN",
    "value": "(",
  },
  Object {
    "column": 11,
    "line": 15,
    "type": "RPAREN",
    "value": ")",
  },
  Object {
    "column": 13,
    "isBuiltin": true,
    "line": 15,
    "type": "IDENTIFIER",
    "value": "turnRight",
  },
  Object {
    "column": 22,
    "line": 15,
    "type": "LPAREN",
    "value": "(",
  },
  Object {
    "column": 23,
    "line": 15,
    "type": "RPAREN",
    "value": ")",
  },
  Object {
    "column": 1,
    "isBuiltin": true,
    "line": 16,
    "type": "IDENTIFIER",
    "value": "placeBlock",
  },
  Object {
    "column": 11,
    "line": 16,
    "type": "LPAREN",
    "value": "(",
  },
  Object {
    "column": 12,
    "line": 16,
    "type": "RPAREN",
    "value": ")",
  },
  Object {
    "column": 1,
    "isBuiltin": true,
    "line": 17,
    "type": "IDENTIFIER",
    "value": "turnLeft",
  },
  Object {
    "column": 9,
    "line": 17,
    "type": "LPAREN",
    "value": "(",
  },
  Object {
    "column": 10,
    "line": 17,
    "type": "RPAREN",
    "value": ")",
  },
  Object {
    "column": 12,
    "isBuiltin": true,
    "line": 17,
    "type": "IDENTIFIER",
    "value": "turnLeft",
  },
  Object {
    "column": 20,
    "line": 17,
    "type": "LPAREN",
    "value": "(",
  },
  Object {
    "column": 21,
    "line": 17,
    "type": "RPAREN",
    "value": ")",
  },
  Object {
    "column": 1,
    "isBuiltin": false,
    "line": 19,
    "type": "IDENTIFIER",
    "value": "wall",
  },
  Object {
    "column": 5,
    "line": 19,
    "type": "LPAREN",
    "value": "(",
  },
  Object {
    "column": 6,
    "line": 19,
    "type": "RPAREN",
    "value": ")",
  },
  Object {
    "column": 1,
    "isBuiltin": true,
    "line": 20,
    "type": "IDENTIFIER",
    "value": "turnLeft",
  },
  Object {
    "column": 9,
    "line": 20,
    "type": "LPAREN",
    "value": "(",
  },
  Object {
    "column": 10,
    "line": 20,
    "type": "RPAREN",
    "value": ")",
  },
  Object {
    "column": 1,
    "isBuiltin": false,
    "line": 21,
    "type": "IDENTIFIER",
    "value": "wall",
  },
  Object {
    "column": 5,
    "line": 21,
    "type": "LPAREN",
    "value": "(",
  },
  Object {
    "column": 6,
    "line": 21,
    "type": "RPAREN",
    "value": ")",
  },
  Object {
    "column": 1,
    "isBuiltin": true,
    "line": 22,
    "type": "IDENTIFIER",
    "value": "turnLeft",
  },
  Object {
    "column": 9,
    "line": 22,
    "type": "LPAREN",
    "value": "(",
  },
  Object {
    "column": 10,
    "line": 22,
    "type": "RPAREN",
    "value": ")",
  },
  Object {
    "column": 1,
    "isBuiltin": false,
    "line": 23,
    "type": "IDENTIFIER",
    "value": "wall",
  },
  Object {
    "column": 5,
    "line": 23,
    "type": "LPAREN",
    "value": "(",
  },
  Object {
    "column": 6,
    "line": 23,
    "type": "RPAREN",
    "value": ")",
  },
  Object {
    "column": 1,
    "isBuiltin": true,
    "line": 24,
    "type": "IDENTIFIER",
    "value": "turnLeft",
  },
  Object {
    "column": 9,
    "line": 24,
    "type": "LPAREN",
    "value": "(",
  },
  Object {
    "column": 10,
    "line": 24,
    "type": "RPAREN",
    "value": ")",
  },
  Object {
    "column": 1,
    "isBuiltin": false,
    "line": 25,
    "type": "IDENTIFIER",
    "value": "wall",
  },
  Object {
    "column": 5,
    "line": 25,
    "type": "LPAREN",
    "value": "(",
  },
  Object {
    "column": 6,
    "line": 25,
    "type": "RPAREN",
    "value": ")",
  },
  Object {
    "column": 1,
    "isBuiltin": true,
    "line": 26,
    "type": "IDENTIFIER",
    "value": "turnLeft",
  },
  Object {
    "column": 9,
    "line": 26,
    "type": "LPAREN",
    "value": "(",
  },
  Object {
    "column": 10,
    "line": 26,
    "type": "RPAREN",
    "value": ")",
  },
]
`;
